// Jest Snapshot v1, https://goo.gl/fbAQLP

exports[`App Snapshot Matches 1`] = `
<div
  className="App"
>
  <header
    className="App-header"
  >
    Library
  </header>
  <p>
    These are all of my recently read books on Goodreads. Most recent at the top, along with ratings and links out to the Goodreads book's page. This application was made using the Goodreads API.
  </p>
  <div
    className="booksContainer"
  >
    <p
      className="loading"
    >
      Loading books from Goodreads...
    </p>
    <ul />
  </div>
</div>
`;
