// Jest Snapshot v1, https://goo.gl/fbAQLP

exports[`Stats Snapshot Matches 1`] = `
<div
  className="statsContainer"
  data-year="2021"
>
  <table
    className="table table-bordered table-hover"
  >
    <thead
      className="thead-dark"
    >
      <tr>
        <th
          scope="col"
        >
          2021
        </th>
        <th
          scope="col"
        />
      </tr>
    </thead>
    <tbody>
      <tr
        className="statsLoading"
      >
        Loading data from Goodreads...
      </tr>
    </tbody>
  </table>
</div>
`;
